Sorting 2 elements took 0.00 seconds.
Sorting 2 elements took 0.00 seconds.
Sorting 2 elements took 0.00 seconds.
Sorting 2 elements took 0.00 seconds.
Sorting 2 elements took 0.00 seconds.
Sorting 2 elements took 0.00 seconds.
Sorting 4 elements took 0.00 seconds.
Sorting 4 elements took 0.00 seconds.
Sorting 4 elements took 0.00 seconds.
Sorting 4 elements took 0.00 seconds.
Sorting 4 elements took 0.00 seconds.
Sorting 4 elements took 0.00 seconds.
Sorting 10 elements took 0.00 seconds.
Sorting 10 elements took 0.00 seconds.
Sorting 10 elements took 0.00 seconds.
Sorting 10 elements took 0.00 seconds.
Sorting 10 elements took 0.00 seconds.
Sorting 10 elements took 0.00 seconds.
Sorting 1000 elements took 0.00 seconds.
Sorting 1000 elements took 0.00 seconds.
Sorting 1000 elements took 0.00 seconds.
Sorting 1000 elements took 0.03 seconds.
Sorting 1000 elements took 0.04 seconds.
Sorting 1000 elements took 0.05 seconds.
Sorting 1000000 elements took 0.30 seconds.
Sorting 1000000 elements took 0.17 seconds.
Sorting 1000000 elements took 0.07 seconds.
Sorting 1000000 elements took 0.08 seconds.
Sorting 1000000 elements took 0.09 seconds.
Sorting 1000000 elements took 0.10 seconds.
